Archive member included to satisfy reference by file (symbol)

/home/janis/coding/mini_os/toolchain/i686-elf/bin/../lib/gcc/i686-elf/11.2.0/libgcc.a(_udivdi3.o)
                              /home/janis/coding/mini_os/build/stage2/c/stdio.obj (__udivdi3)
/home/janis/coding/mini_os/toolchain/i686-elf/bin/../lib/gcc/i686-elf/11.2.0/libgcc.a(_umoddi3.o)
                              /home/janis/coding/mini_os/build/stage2/c/stdio.obj (__umoddi3)

There are no discarded input sections

Memory Configuration

Name             Origin             Length             Attributes
*default*        0x00000000         0xffffffff

Linker script and memory map

LOAD /home/janis/coding/mini_os/build/stage2/asm/entry.obj
LOAD /home/janis/coding/mini_os/build/stage2/asm/x86.obj
LOAD /home/janis/coding/mini_os/build/stage2/c/ctype.obj
LOAD /home/janis/coding/mini_os/build/stage2/c/disk.obj
LOAD /home/janis/coding/mini_os/build/stage2/c/fat.obj
LOAD /home/janis/coding/mini_os/build/stage2/c/main.obj
LOAD /home/janis/coding/mini_os/build/stage2/c/memory.obj
LOAD /home/janis/coding/mini_os/build/stage2/c/stdio.obj
LOAD /home/janis/coding/mini_os/build/stage2/c/string.obj
LOAD /home/janis/coding/mini_os/toolchain/i686-elf/bin/../lib/gcc/i686-elf/11.2.0/libgcc.a
                0x00000500                        phys = 0x500
                0x00000500                        . = phys

.entry          0x00000500       0xc0
                0x00000500                        __entry_start = .
 *(.entry)
 .entry         0x00000500       0xc0 /home/janis/coding/mini_os/build/stage2/asm/entry.obj
                0x00000500                entry

.text           0x000005c0     0x1b80
                0x000005c0                        __text_start = .
 *(.text)
 .text          0x000005c0      0x1a5 /home/janis/coding/mini_os/build/stage2/asm/x86.obj
                0x000005c0                x86_outb
                0x000005cb                x86_inb
                0x000005d4                x86_Disk_GetDriveParams
                0x00000697                x86_Disk_Reset
                0x000006e7                x86_Disk_Read
 .text          0x00000765       0x55 /home/janis/coding/mini_os/build/stage2/c/ctype.obj
                0x00000765                islower
                0x0000078e                toupper
 .text          0x000007ba      0x199 /home/janis/coding/mini_os/build/stage2/c/disk.obj
                0x000007ba                DISK_Initialize
                0x0000082a                DISK_LBA2CHS
                0x000008b7                DISK_ReadSectors
 .text          0x00000953      0xa30 /home/janis/coding/mini_os/build/stage2/c/fat.obj
                0x00000953                FAT_ReadBootSector
                0x00000970                FAT_ReadFat
                0x000009a4                FAT_Initialize
                0x00000bd8                FAT_ClusterToLba
                0x00000bf9                FAT_OpenEntry
                0x00000dc1                FAT_NextCluster
                0x00000e0e                FAT_Read
                0x00001062                FAT_ReadEntry
                0x00001083                FAT_Close
                0x000010d1                FAT_FindFile
                0x00001236                FAT_Open
 .text          0x00001383       0xf2 /home/janis/coding/mini_os/build/stage2/c/main.obj
                0x00001383                start
 .text          0x00001475       0xf5 /home/janis/coding/mini_os/build/stage2/c/memory.obj
                0x00001475                memcpy
                0x000014c7                memset
                0x0000150a                memcmp
 .text          0x0000156a      0x895 /home/janis/coding/mini_os/build/stage2/c/stdio.obj
                0x0000156a                putchr
                0x00001599                putcolor
                0x000015cb                getchr
                0x000015ed                getcolor
                0x00001612                setcursor
                0x00001683                clrscr
                0x00001711                scrollback
                0x000017ff                putc
                0x0000190c                puts
                0x0000193b                printf_unsigned
                0x000019f4                printf_signed
                0x00001a51                printf
                0x00001d66                print_buffer
 .text          0x00001dff       0xb6 /home/janis/coding/mini_os/build/stage2/c/string.obj
                0x00001dff                strchr
                0x00001e3d                strcpy
                0x00001e8f                strlen
 *fill*         0x00001eb5        0xb 
 .text          0x00001ec0      0x12a /home/janis/coding/mini_os/toolchain/i686-elf/bin/../lib/gcc/i686-elf/11.2.0/libgcc.a(_udivdi3.o)
                0x00001ec0                __udivdi3
 *fill*         0x00001fea        0x6 
 .text          0x00001ff0      0x150 /home/janis/coding/mini_os/toolchain/i686-elf/bin/../lib/gcc/i686-elf/11.2.0/libgcc.a(_umoddi3.o)
                0x00001ff0                __umoddi3

.data           0x00002140        0xc
                0x00002140                        __data_start = .
 *(.data)
 .data          0x00002140        0x0 /home/janis/coding/mini_os/build/stage2/c/ctype.obj
 .data          0x00002140        0x0 /home/janis/coding/mini_os/build/stage2/c/disk.obj
 .data          0x00002140        0x0 /home/janis/coding/mini_os/build/stage2/c/fat.obj
 .data          0x00002140        0x8 /home/janis/coding/mini_os/build/stage2/c/main.obj
                0x00002140                KernelLoadBuffer
                0x00002144                Kernel
 .data          0x00002148        0x0 /home/janis/coding/mini_os/build/stage2/c/memory.obj
 .data          0x00002148        0x4 /home/janis/coding/mini_os/build/stage2/c/stdio.obj
                0x00002148                g_ScreenBuffer
 .data          0x0000214c        0x0 /home/janis/coding/mini_os/build/stage2/c/string.obj
 .data          0x0000214c        0x0 /home/janis/coding/mini_os/toolchain/i686-elf/bin/../lib/gcc/i686-elf/11.2.0/libgcc.a(_udivdi3.o)
 .data          0x0000214c        0x0 /home/janis/coding/mini_os/toolchain/i686-elf/bin/../lib/gcc/i686-elf/11.2.0/libgcc.a(_umoddi3.o)

.rodata         0x0000214c      0x1fe
                0x0000214c                        __rodata_start = .
 *(.rodata)
 .rodata        0x0000214c      0x114 /home/janis/coding/mini_os/build/stage2/c/fat.obj
 .rodata        0x00002260       0x2f /home/janis/coding/mini_os/build/stage2/c/main.obj
 *fill*         0x0000228f        0x1 
 .rodata        0x00002290       0xba /home/janis/coding/mini_os/build/stage2/c/stdio.obj
                0x00002290                SCREEN_WIDTH
                0x00002294                SCREEN_HEIGHT
                0x00002298                DEFAULT_COLOR
                0x0000229c                g_HexChars

.eh_frame       0x0000234c       0xd8
 .eh_frame      0x0000234c       0x64 /home/janis/coding/mini_os/toolchain/i686-elf/bin/../lib/gcc/i686-elf/11.2.0/libgcc.a(_udivdi3.o)
 .eh_frame      0x000023b0       0x74 /home/janis/coding/mini_os/toolchain/i686-elf/bin/../lib/gcc/i686-elf/11.2.0/libgcc.a(_umoddi3.o)

.bss            0x00002424       0x14
                0x00002424                        __bss_start = .
 *(.bss)
 .bss           0x00002424        0x0 /home/janis/coding/mini_os/build/stage2/c/ctype.obj
 .bss           0x00002424        0x0 /home/janis/coding/mini_os/build/stage2/c/disk.obj
 .bss           0x00002424        0xc /home/janis/coding/mini_os/build/stage2/c/fat.obj
 .bss           0x00002430        0x0 /home/janis/coding/mini_os/build/stage2/c/main.obj
 .bss           0x00002430        0x0 /home/janis/coding/mini_os/build/stage2/c/memory.obj
 .bss           0x00002430        0x8 /home/janis/coding/mini_os/build/stage2/c/stdio.obj
                0x00002430                g_ScreenX
                0x00002434                g_ScreenY
 .bss           0x00002438        0x0 /home/janis/coding/mini_os/build/stage2/c/string.obj
 .bss           0x00002438        0x0 /home/janis/coding/mini_os/toolchain/i686-elf/bin/../lib/gcc/i686-elf/11.2.0/libgcc.a(_udivdi3.o)
 .bss           0x00002438        0x0 /home/janis/coding/mini_os/toolchain/i686-elf/bin/../lib/gcc/i686-elf/11.2.0/libgcc.a(_umoddi3.o)
                0x00002438                        __end = .
OUTPUT(/home/janis/coding/mini_os/build/stage2.bin binary)

.debug_info     0x00000000     0x1eba
 .debug_info    0x00000000       0xcb /home/janis/coding/mini_os/build/stage2/c/ctype.obj
 .debug_info    0x000000cb      0x2b1 /home/janis/coding/mini_os/build/stage2/c/disk.obj
 .debug_info    0x0000037c      0x9a9 /home/janis/coding/mini_os/build/stage2/c/fat.obj
 .debug_info    0x00000d25      0x2bf /home/janis/coding/mini_os/build/stage2/c/main.obj
 .debug_info    0x00000fe4      0x1e8 /home/janis/coding/mini_os/build/stage2/c/memory.obj
 .debug_info    0x000011cc      0x54d /home/janis/coding/mini_os/build/stage2/c/stdio.obj
 .debug_info    0x00001719      0x132 /home/janis/coding/mini_os/build/stage2/c/string.obj
 .debug_info    0x0000184b      0x32c /home/janis/coding/mini_os/toolchain/i686-elf/bin/../lib/gcc/i686-elf/11.2.0/libgcc.a(_udivdi3.o)
 .debug_info    0x00001b77      0x343 /home/janis/coding/mini_os/toolchain/i686-elf/bin/../lib/gcc/i686-elf/11.2.0/libgcc.a(_umoddi3.o)

.debug_abbrev   0x00000000      0xb9c
 .debug_abbrev  0x00000000       0x77 /home/janis/coding/mini_os/build/stage2/c/ctype.obj
 .debug_abbrev  0x00000077      0x140 /home/janis/coding/mini_os/build/stage2/c/disk.obj
 .debug_abbrev  0x000001b7      0x24d /home/janis/coding/mini_os/build/stage2/c/fat.obj
 .debug_abbrev  0x00000404      0x14c /home/janis/coding/mini_os/build/stage2/c/main.obj
 .debug_abbrev  0x00000550       0xe2 /home/janis/coding/mini_os/build/stage2/c/memory.obj
 .debug_abbrev  0x00000632      0x1f6 /home/janis/coding/mini_os/build/stage2/c/stdio.obj
 .debug_abbrev  0x00000828       0xa8 /home/janis/coding/mini_os/build/stage2/c/string.obj
 .debug_abbrev  0x000008d0      0x15b /home/janis/coding/mini_os/toolchain/i686-elf/bin/../lib/gcc/i686-elf/11.2.0/libgcc.a(_udivdi3.o)
 .debug_abbrev  0x00000a2b      0x171 /home/janis/coding/mini_os/toolchain/i686-elf/bin/../lib/gcc/i686-elf/11.2.0/libgcc.a(_umoddi3.o)

.debug_aranges  0x00000000      0x120
 .debug_aranges
                0x00000000       0x20 /home/janis/coding/mini_os/build/stage2/c/ctype.obj
 .debug_aranges
                0x00000020       0x20 /home/janis/coding/mini_os/build/stage2/c/disk.obj
 .debug_aranges
                0x00000040       0x20 /home/janis/coding/mini_os/build/stage2/c/fat.obj
 .debug_aranges
                0x00000060       0x20 /home/janis/coding/mini_os/build/stage2/c/main.obj
 .debug_aranges
                0x00000080       0x20 /home/janis/coding/mini_os/build/stage2/c/memory.obj
 .debug_aranges
                0x000000a0       0x20 /home/janis/coding/mini_os/build/stage2/c/stdio.obj
 .debug_aranges
                0x000000c0       0x20 /home/janis/coding/mini_os/build/stage2/c/string.obj
 .debug_aranges
                0x000000e0       0x20 /home/janis/coding/mini_os/toolchain/i686-elf/bin/../lib/gcc/i686-elf/11.2.0/libgcc.a(_udivdi3.o)
 .debug_aranges
                0x00000100       0x20 /home/janis/coding/mini_os/toolchain/i686-elf/bin/../lib/gcc/i686-elf/11.2.0/libgcc.a(_umoddi3.o)

.debug_line     0x00000000      0xf94
 .debug_line    0x00000000       0x88 /home/janis/coding/mini_os/build/stage2/c/ctype.obj
 .debug_line    0x00000088       0xf2 /home/janis/coding/mini_os/build/stage2/c/disk.obj
 .debug_line    0x0000017a      0x4d7 /home/janis/coding/mini_os/build/stage2/c/fat.obj
 .debug_line    0x00000651       0xab /home/janis/coding/mini_os/build/stage2/c/main.obj
 .debug_line    0x000006fc       0xe8 /home/janis/coding/mini_os/build/stage2/c/memory.obj
 .debug_line    0x000007e4      0x3cb /home/janis/coding/mini_os/build/stage2/c/stdio.obj
 .debug_line    0x00000baf       0x97 /home/janis/coding/mini_os/build/stage2/c/string.obj
 .debug_line    0x00000c46      0x179 /home/janis/coding/mini_os/toolchain/i686-elf/bin/../lib/gcc/i686-elf/11.2.0/libgcc.a(_udivdi3.o)
 .debug_line    0x00000dbf      0x1d5 /home/janis/coding/mini_os/toolchain/i686-elf/bin/../lib/gcc/i686-elf/11.2.0/libgcc.a(_umoddi3.o)

.debug_str      0x00000000     0x12a8
 .debug_str     0x00000000       0xea /home/janis/coding/mini_os/build/stage2/c/ctype.obj
 .debug_str     0x000000ea      0x1ca /home/janis/coding/mini_os/build/stage2/c/disk.obj
 .debug_str     0x000002b4      0x5e8 /home/janis/coding/mini_os/build/stage2/c/fat.obj
 .debug_str     0x0000089c      0x1e2 /home/janis/coding/mini_os/build/stage2/c/main.obj
 .debug_str     0x00000a7e      0x125 /home/janis/coding/mini_os/build/stage2/c/memory.obj
 .debug_str     0x00000ba3      0x24e /home/janis/coding/mini_os/build/stage2/c/stdio.obj
 .debug_str     0x00000df1       0xf1 /home/janis/coding/mini_os/build/stage2/c/string.obj
 .debug_str     0x00000ee2      0x1e3 /home/janis/coding/mini_os/toolchain/i686-elf/bin/../lib/gcc/i686-elf/11.2.0/libgcc.a(_udivdi3.o)
 .debug_str     0x000010c5      0x1e3 /home/janis/coding/mini_os/toolchain/i686-elf/bin/../lib/gcc/i686-elf/11.2.0/libgcc.a(_umoddi3.o)

.debug_line_str
                0x00000000      0x760
 .debug_line_str
                0x00000000       0x7a /home/janis/coding/mini_os/build/stage2/c/ctype.obj
 .debug_line_str
                0x0000007a       0xdf /home/janis/coding/mini_os/build/stage2/c/disk.obj
 .debug_line_str
                0x00000159       0xfe /home/janis/coding/mini_os/build/stage2/c/fat.obj
 .debug_line_str
                0x00000257       0xf0 /home/janis/coding/mini_os/build/stage2/c/main.obj
 .debug_line_str
                0x00000347       0xd8 /home/janis/coding/mini_os/build/stage2/c/memory.obj
 .debug_line_str
                0x0000041f       0xe4 /home/janis/coding/mini_os/build/stage2/c/stdio.obj
 .debug_line_str
                0x00000503       0x7d /home/janis/coding/mini_os/build/stage2/c/string.obj
 .debug_line_str
                0x00000580       0xf0 /home/janis/coding/mini_os/toolchain/i686-elf/bin/../lib/gcc/i686-elf/11.2.0/libgcc.a(_udivdi3.o)
 .debug_line_str
                0x00000670       0xf0 /home/janis/coding/mini_os/toolchain/i686-elf/bin/../lib/gcc/i686-elf/11.2.0/libgcc.a(_umoddi3.o)

.comment        0x00000000       0xab
 .comment       0x00000000       0x13 /home/janis/coding/mini_os/build/stage2/c/ctype.obj
 .comment       0x00000013       0x13 /home/janis/coding/mini_os/build/stage2/c/disk.obj
 .comment       0x00000026       0x13 /home/janis/coding/mini_os/build/stage2/c/fat.obj
 .comment       0x00000039       0x13 /home/janis/coding/mini_os/build/stage2/c/main.obj
 .comment       0x0000004c       0x13 /home/janis/coding/mini_os/build/stage2/c/memory.obj
 .comment       0x0000005f       0x13 /home/janis/coding/mini_os/build/stage2/c/stdio.obj
 .comment       0x00000072       0x13 /home/janis/coding/mini_os/build/stage2/c/string.obj
 .comment       0x00000085       0x13 /home/janis/coding/mini_os/toolchain/i686-elf/bin/../lib/gcc/i686-elf/11.2.0/libgcc.a(_udivdi3.o)
 .comment       0x00000098       0x13 /home/janis/coding/mini_os/toolchain/i686-elf/bin/../lib/gcc/i686-elf/11.2.0/libgcc.a(_umoddi3.o)

.debug_frame    0x00000000      0x52c
 .debug_frame   0x00000000       0x54 /home/janis/coding/mini_os/build/stage2/c/ctype.obj
 .debug_frame   0x00000054       0x80 /home/janis/coding/mini_os/build/stage2/c/disk.obj
 .debug_frame   0x000000d4      0x184 /home/janis/coding/mini_os/build/stage2/c/fat.obj
 .debug_frame   0x00000258       0x2c /home/janis/coding/mini_os/build/stage2/c/main.obj
 .debug_frame   0x00000284       0x74 /home/janis/coding/mini_os/build/stage2/c/memory.obj
 .debug_frame   0x000002f8      0x1c0 /home/janis/coding/mini_os/build/stage2/c/stdio.obj
 .debug_frame   0x000004b8       0x74 /home/janis/coding/mini_os/build/stage2/c/string.obj

.debug_loclists
                0x00000000      0x9a0
 .debug_loclists
                0x00000000      0x50b /home/janis/coding/mini_os/toolchain/i686-elf/bin/../lib/gcc/i686-elf/11.2.0/libgcc.a(_udivdi3.o)
 .debug_loclists
                0x0000050b      0x495 /home/janis/coding/mini_os/toolchain/i686-elf/bin/../lib/gcc/i686-elf/11.2.0/libgcc.a(_umoddi3.o)

.debug_rnglists
                0x00000000       0x4a
 .debug_rnglists
                0x00000000       0x2a /home/janis/coding/mini_os/toolchain/i686-elf/bin/../lib/gcc/i686-elf/11.2.0/libgcc.a(_udivdi3.o)
 .debug_rnglists
                0x0000002a       0x20 /home/janis/coding/mini_os/toolchain/i686-elf/bin/../lib/gcc/i686-elf/11.2.0/libgcc.a(_umoddi3.o)
